20:50:14 **** Incremental Build of configuration Debug for project Practica5 ****
make -j8 all 
arm-none-eabi-gcc "../Drivers/API/Src/API_debounce.c" -mcpu=cortex-m4 -std=gnu11 -g3 -DDEBUG -DSTM32 -DSTM32F429ZITx -DSTM32F4 -DNUCLEO_F429ZI -DUSE_HAL_DRIVER -DSTM32F429xx -c -I../Inc -I"/home/leandro/Desktop/UBA/CESE/PdM/PdM_diazleandro/Practica5/Drivers/STM32F4xx_HAL_Driver/Inc" -I"/home/leandro/Desktop/UBA/CESE/PdM/PdM_diazleandro/Practica5/Drivers/CMSIS/Include" -I"/home/leandro/Desktop/UBA/CESE/PdM/PdM_diazleandro/Practica5/Drivers/CMSIS/Device/ST/STM32F4xx/Include" -I"/home/leandro/Desktop/UBA/CESE/PdM/PdM_diazleandro/Practica5/Drivers/BSP/STM32F4xx_Nucleo_144" -I"/home/leandro/Desktop/UBA/CESE/PdM/PdM_diazleandro/Practica5/Drivers/Core/Inc" -I"/home/leandro/Desktop/UBA/CESE/PdM/PdM_diazleandro/Practica5/Drivers/API/Inc" -O0 -ffunction-sections -fdata-sections -Wall -fstack-usage -MMD -MP -MF"Drivers/API/Src/API_debounce.d" -MT"Drivers/API/Src/API_debounce.o" --specs=nano.specs -mfpu=fpv4-sp-d16 -mfloat-abi=hard -mthumb -o "Drivers/API/Src/API_debounce.o"
arm-none-eabi-gcc -o "Practica5.elf" @"objects.list"   -mcpu=cortex-m4 -T"/home/leandro/Desktop/UBA/CESE/PdM/PdM_diazleandro/Practica5/STM32F429ZITX_FLASH.ld" --specs=nosys.specs -Wl,-Map="Practica5.map" -Wl,--gc-sections -static --specs=nano.specs -mfpu=fpv4-sp-d16 -mfloat-abi=hard -mthumb -Wl,--start-group -lc -lm -Wl,--end-group
Finished building target: Practica5.elf
 
arm-none-eabi-size   Practica5.elf 
arm-none-eabi-objdump -h -S  Practica5.elf  > "Practica5.list"
   text	   data	    bss	    dec	    hex	filename
   9648	     72	   1664	  11384	   2c78	Practica5.elf
Finished building: default.size.stdout
 
Finished building: Practica5.list
 
