23:14:33 **** Incremental Build of configuration Debug for project Practica3 ****
make -j8 all 
arm-none-eabi-gcc "../Src/main.c" -mcpu=cortex-m4 -std=gnu11 -g3 -DDEBUG -DSTM32 -DSTM32F429ZITx -DSTM32F4 -DNUCLEO_F429ZI -DUSE_HAL_DRIVER -DSTM32F429xx -c -I../Inc -I"/home/leandro/Desktop/UBA/CESE/PdM/PdM_diazleandro/Practica3/Drivers/STM32F4xx_HAL_Driver/Inc" -I"/home/leandro/Desktop/UBA/CESE/PdM/PdM_diazleandro/Practica3/Drivers/CMSIS/Include" -I"/home/leandro/Desktop/UBA/CESE/PdM/PdM_diazleandro/Practica3/Drivers/CMSIS/Device/ST/STM32F4xx/Include" -I"/home/leandro/Desktop/UBA/CESE/PdM/PdM_diazleandro/Practica3/Drivers/BSP/STM32F4xx_Nucleo_144" -I"/home/leandro/Desktop/UBA/CESE/PdM/PdM_diazleandro/Practica3/Drivers/Core/Inc" -I"/home/leandro/Desktop/UBA/CESE/PdM/PdM_diazleandro/Practica3/Drivers/API/Inc" -O0 -ffunction-sections -fdata-sections -Wall -fstack-usage -MMD -MP -MF"Src/main.d" -MT"Src/main.o" --specs=nano.specs -mfpu=fpv4-sp-d16 -mfloat-abi=hard -mthumb -o "Src/main.o"
arm-none-eabi-gcc "../Drivers/API/Src/API_delay.c" -mcpu=cortex-m4 -std=gnu11 -g3 -DDEBUG -DSTM32 -DSTM32F429ZITx -DSTM32F4 -DNUCLEO_F429ZI -DUSE_HAL_DRIVER -DSTM32F429xx -c -I../Inc -I"/home/leandro/Desktop/UBA/CESE/PdM/PdM_diazleandro/Practica3/Drivers/STM32F4xx_HAL_Driver/Inc" -I"/home/leandro/Desktop/UBA/CESE/PdM/PdM_diazleandro/Practica3/Drivers/CMSIS/Include" -I"/home/leandro/Desktop/UBA/CESE/PdM/PdM_diazleandro/Practica3/Drivers/CMSIS/Device/ST/STM32F4xx/Include" -I"/home/leandro/Desktop/UBA/CESE/PdM/PdM_diazleandro/Practica3/Drivers/BSP/STM32F4xx_Nucleo_144" -I"/home/leandro/Desktop/UBA/CESE/PdM/PdM_diazleandro/Practica3/Drivers/Core/Inc" -I"/home/leandro/Desktop/UBA/CESE/PdM/PdM_diazleandro/Practica3/Drivers/API/Inc" -O0 -ffunction-sections -fdata-sections -Wall -fstack-usage -MMD -MP -MF"Drivers/API/Src/API_delay.d" -MT"Drivers/API/Src/API_delay.o" --specs=nano.specs -mfpu=fpv4-sp-d16 -mfloat-abi=hard -mthumb -o "Drivers/API/Src/API_delay.o"
arm-none-eabi-gcc -o "Practica3.elf" @"objects.list"   -mcpu=cortex-m4 -T"/home/leandro/Desktop/UBA/CESE/PdM/PdM_diazleandro/Practica3/STM32F429ZITX_FLASH.ld" --specs=nosys.specs -Wl,-Map="Practica3.map" -Wl,--gc-sections -static --specs=nano.specs -mfpu=fpv4-sp-d16 -mfloat-abi=hard -mthumb -Wl,--start-group -lc -lm -Wl,--end-group
Finished building target: Practica3.elf
 
arm-none-eabi-size   Practica3.elf 
arm-none-eabi-objdump -h -S  Practica3.elf  > "Practica3.list"
   text	   data	    bss	    dec	    hex	filename
   6500	     44	   1604	   8148	   1fd4	Practica3.elf
Finished building: default.size.stdout
 
Finished building: Practica3.list
 

23:14:34 Build Finished. 0 errors, 0 warnings. (took 904ms)

